I'm sorry, but errors were detected in your script. Please correct the
errors listed below, and try again.


File "game/script.rpy", line 544: Line is indented, but the preceding hide statement statement does not expect a block. Please check this line's indentation. You may have forgotten a colon (:).
    xpos 1708
    ^

Ren'Py Version: Ren'Py 8.3.7.25031702
Fri Oct 10 12:01:58 2025
